// Jest Snapshot v1, https://goo.gl/fbAQLP

exports[`<SignUp/> renders and matches snapshot 1`] = `
<div>
  <form
    class="Form-sc-1xszr8q-0 hVEEdl"
    method="Post"
  >
    <h2>
      Sign Up for an Account
    </h2>
    <fieldset
      aria-busy="false"
    >
      <label
        for="name"
      >
        Your name
        <input
          autocomplete="name"
          id="name"
          name="name"
          placeholder="Name"
          type="text"
          value=""
        />
      </label>
      <label
        for="email"
      >
        Email
        <input
          autocomplete="email"
          id="email"
          name="email"
          placeholder="Email"
          type="email"
          value=""
        />
      </label>
      <label
        for="password"
      >
        Password
        <input
          autocomplete="password"
          id="password"
          name="password"
          placeholder="Password"
          type="password"
          value=""
        />
      </label>
      <button
        type="submit"
      >
        Sign Up
      </button>
    </fieldset>
  </form>
</div>
`;
